// Jest Snapshot v1, https://goo.gl/fbAQLP

exports[`navigate to extension page renders 1`] = `
<div>
  <div
    class="ClusterManager"
  >
    <div
      class="topBar"
    >
      <div
        class="items"
      >
        <i
          class="Icon material interactive focusable"
          data-testid="home-button"
          tabindex="0"
        >
          <span
            class="icon"
            data-icon-name="home"
          >
            home
          </span>
        </i>
        <i
          class="Icon material interactive disabled focusable"
          data-testid="history-back"
        >
          <span
            class="icon"
            data-icon-name="arrow_back"
          >
            arrow_back
          </span>
        </i>
        <i
          class="Icon material interactive disabled focusable"
          data-testid="history-forward"
        >
          <span
            class="icon"
            data-icon-name="arrow_forward"
          >
            arrow_forward
          </span>
        </i>
      </div>
      <div
        class="items"
      />
    </div>
    <main>
      <div
        id="lens-views"
      />
      <div
        class="flex justify-center Welcome align-center"
        data-testid="welcome-page"
      >
        <div
          data-testid="welcome-banner-container"
          style="width: 320px;"
        >
          <i
            class="Icon logo svg focusable"
          >
            <span
              class="icon"
            />
          </i>
          <div
            class="flex justify-center"
          >
            <div
              data-testid="welcome-text-container"
              style="width: 320px;"
            >
              <h2>
                Welcome to OpenLens 5!
              </h2>
              <p>
                To get you started we have auto-detected your clusters in your
                 
                kubeconfig file and added them to the catalog, your centralized
                 
                view for managing all your cloud-native resources.
                <br />
                <br />
                If you have any questions or feedback, please join our 
                <a
                  class="link"
                  href="https://join.slack.com/t/k8slens/shared_invite/zt-wcl8jq3k-68R5Wcmk1o95MLBE5igUDQ"
                  rel="noreferrer"
                  target="_blank"
                >
                  Lens Community slack channel
                </a>
                .
              </p>
              <ul
                class="block"
                data-testid="welcome-menu-container"
                style="width: 320px;"
              >
                <li
                  class="flex grid-12"
                >
                  <i
                    class="Icon box col-1 material focusable"
                  >
                    <span
                      class="icon"
                      data-icon-name="view_list"
                    >
                      view_list
                    </span>
                  </i>
                  <a
                    class="box col-10"
                  >
                    Browse Clusters in Catalog
                  </a>
                  <i
                    class="Icon box col-1 material focusable"
                  >
                    <span
                      class="icon"
                      data-icon-name="navigate_next"
                    >
                      navigate_next
                    </span>
                  </i>
                </li>
              </ul>
            </div>
          </div>
        </div>
      </div>
    </main>
    <div
      class="HotbarMenu flex column"
    >
      <div
        class="HotbarItems flex column gaps"
      />
      <div
        class="HotbarSelector"
      >
        <i
          class="Icon Icon previous material interactive focusable"
          tabindex="0"
        >
          <span
            class="icon"
            data-icon-name="arrow_left"
          >
            arrow_left
          </span>
        </i>
        <div
          class="HotbarIndex"
        >
          <div
            class="badge Badge small clickable"
            id="hotbarIndex"
          >
            0
          </div>
        </div>
        <i
          class="Icon material interactive focusable"
          tabindex="0"
        >
          <span
            class="icon"
            data-icon-name="arrow_right"
          >
            arrow_right
          </span>
        </i>
      </div>
    </div>
    <div
      class="StatusBar"
    >
      <div
        class="leftSide"
      />
      <div
        class="rightSide"
      />
    </div>
  </div>
  <div
    class="Notifications flex column align-flex-end"
  />
</div>
`;

exports[`navigate to extension page when extension navigates to child route renders 1`] = `
<div>
  <div
    class="ClusterManager"
  >
    <div
      class="topBar"
    >
      <div
        class="items"
      >
        <i
          class="Icon material interactive focusable"
          data-testid="home-button"
          tabindex="0"
        >
          <span
            class="icon"
            data-icon-name="home"
          >
            home
          </span>
        </i>
        <i
          class="Icon material interactive disabled focusable"
          data-testid="history-back"
        >
          <span
            class="icon"
            data-icon-name="arrow_back"
          >
            arrow_back
          </span>
        </i>
        <i
          class="Icon material interactive disabled focusable"
          data-testid="history-forward"
        >
          <span
            class="icon"
            data-icon-name="arrow_forward"
          >
            arrow_forward
          </span>
        </i>
      </div>
      <div
        class="items"
      />
    </div>
    <main>
      <div
        id="lens-views"
      />
      <div>
        Child page
      </div>
    </main>
    <div
      class="HotbarMenu flex column"
    >
      <div
        class="HotbarItems flex column gaps"
      />
      <div
        class="HotbarSelector"
      >
        <i
          class="Icon Icon previous material interactive focusable"
          tabindex="0"
        >
          <span
            class="icon"
            data-icon-name="arrow_left"
          >
            arrow_left
          </span>
        </i>
        <div
          class="HotbarIndex"
        >
          <div
            class="badge Badge small clickable"
            id="hotbarIndex"
          >
            0
          </div>
        </div>
        <i
          class="Icon material interactive focusable"
          tabindex="0"
        >
          <span
            class="icon"
            data-icon-name="arrow_right"
          >
            arrow_right
          </span>
        </i>
      </div>
    </div>
    <div
      class="StatusBar"
    >
      <div
        class="leftSide"
      />
      <div
        class="rightSide"
      />
    </div>
  </div>
  <div
    class="Notifications flex column align-flex-end"
  />
</div>
`;

exports[`navigate to extension page when extension navigates to route with parameters renders 1`] = `
<div>
  <div
    class="ClusterManager"
  >
    <div
      class="topBar"
    >
      <div
        class="items"
      >
        <i
          class="Icon material interactive focusable"
          data-testid="home-button"
          tabindex="0"
        >
          <span
            class="icon"
            data-icon-name="home"
          >
            home
          </span>
        </i>
        <i
          class="Icon material interactive disabled focusable"
          data-testid="history-back"
        >
          <span
            class="icon"
            data-icon-name="arrow_back"
          >
            arrow_back
          </span>
        </i>
        <i
          class="Icon material interactive disabled focusable"
          data-testid="history-forward"
        >
          <span
            class="icon"
            data-icon-name="arrow_forward"
          >
            arrow_forward
          </span>
        </i>
      </div>
      <div
        class="items"
      />
    </div>
    <main>
      <div
        id="lens-views"
      />
      <div>
        <ul>
          <li>
            some-string-value-from-navigate
          </li>
          <li>
            126
          </li>
          <li>
            some-array-value-from-navigate
          </li>
        </ul>
        <button
          data-testid="button-to-change-page-parameters"
          type="button"
        >
          Some button
        </button>
      </div>
    </main>
    <div
      class="HotbarMenu flex column"
    >
      <div
        class="HotbarItems flex column gaps"
      />
      <div
        class="HotbarSelector"
      >
        <i
          class="Icon Icon previous material interactive focusable"
          tabindex="0"
        >
          <span
            class="icon"
            data-icon-name="arrow_left"
          >
            arrow_left
          </span>
        </i>
        <div
          class="HotbarIndex"
        >
          <div
            class="badge Badge small clickable"
            id="hotbarIndex"
          >
            0
          </div>
        </div>
        <i
          class="Icon material interactive focusable"
          tabindex="0"
        >
          <span
            class="icon"
            data-icon-name="arrow_right"
          >
            arrow_right
          </span>
        </i>
      </div>
    </div>
    <div
      class="StatusBar"
    >
      <div
        class="leftSide"
      />
      <div
        class="rightSide"
      />
    </div>
  </div>
  <div
    class="Notifications flex column align-flex-end"
  />
</div>
`;

exports[`navigate to extension page when extension navigates to route without parameters renders 1`] = `
<div>
  <div
    class="ClusterManager"
  >
    <div
      class="topBar"
    >
      <div
        class="items"
      >
        <i
          class="Icon material interactive focusable"
          data-testid="home-button"
          tabindex="0"
        >
          <span
            class="icon"
            data-icon-name="home"
          >
            home
          </span>
        </i>
        <i
          class="Icon material interactive disabled focusable"
          data-testid="history-back"
        >
          <span
            class="icon"
            data-icon-name="arrow_back"
          >
            arrow_back
          </span>
        </i>
        <i
          class="Icon material interactive disabled focusable"
          data-testid="history-forward"
        >
          <span
            class="icon"
            data-icon-name="arrow_forward"
          >
            arrow_forward
          </span>
        </i>
      </div>
      <div
        class="items"
      />
    </div>
    <main>
      <div
        id="lens-views"
      />
      <div>
        <ul>
          <li>
            some-string-value
          </li>
          <li>
            42
          </li>
          <li>
            some-array-value,some-other-array-value
          </li>
        </ul>
        <button
          data-testid="button-to-change-page-parameters"
          type="button"
        >
          Some button
        </button>
      </div>
    </main>
    <div
      class="HotbarMenu flex column"
    >
      <div
        class="HotbarItems flex column gaps"
      />
      <div
        class="HotbarSelector"
      >
        <i
          class="Icon Icon previous material interactive focusable"
          tabindex="0"
        >
          <span
            class="icon"
            data-icon-name="arrow_left"
          >
            arrow_left
          </span>
        </i>
        <div
          class="HotbarIndex"
        >
          <div
            class="badge Badge small clickable"
            id="hotbarIndex"
          >
            0
          </div>
        </div>
        <i
          class="Icon material interactive focusable"
          tabindex="0"
        >
          <span
            class="icon"
            data-icon-name="arrow_right"
          >
            arrow_right
          </span>
        </i>
      </div>
    </div>
    <div
      class="StatusBar"
    >
      <div
        class="leftSide"
      />
      <div
        class="rightSide"
      />
    </div>
  </div>
  <div
    class="Notifications flex column align-flex-end"
  />
</div>
`;

exports[`navigate to extension page when extension navigates to route without parameters when changing page parameters renders 1`] = `
<div>
  <div
    class="ClusterManager"
  >
    <div
      class="topBar"
    >
      <div
        class="items"
      >
        <i
          class="Icon material interactive focusable"
          data-testid="home-button"
          tabindex="0"
        >
          <span
            class="icon"
            data-icon-name="home"
          >
            home
          </span>
        </i>
        <i
          class="Icon material interactive disabled focusable"
          data-testid="history-back"
        >
          <span
            class="icon"
            data-icon-name="arrow_back"
          >
            arrow_back
          </span>
        </i>
        <i
          class="Icon material interactive disabled focusable"
          data-testid="history-forward"
        >
          <span
            class="icon"
            data-icon-name="arrow_forward"
          >
            arrow_forward
          </span>
        </i>
      </div>
      <div
        class="items"
      />
    </div>
    <main>
      <div
        id="lens-views"
      />
      <div>
        <ul>
          <li>
            some-changed-string-value
          </li>
          <li>
            84
          </li>
          <li>
            some-changed-array-value,some-other-changed-array-value
          </li>
        </ul>
        <button
          data-testid="button-to-change-page-parameters"
          type="button"
        >
          Some button
        </button>
      </div>
    </main>
    <div
      class="HotbarMenu flex column"
    >
      <div
        class="HotbarItems flex column gaps"
      />
      <div
        class="HotbarSelector"
      >
        <i
          class="Icon Icon previous material interactive focusable"
          tabindex="0"
        >
          <span
            class="icon"
            data-icon-name="arrow_left"
          >
            arrow_left
          </span>
        </i>
        <div
          class="HotbarIndex"
        >
          <div
            class="badge Badge small clickable"
            id="hotbarIndex"
          >
            0
          </div>
        </div>
        <i
          class="Icon material interactive focusable"
          tabindex="0"
        >
          <span
            class="icon"
            data-icon-name="arrow_right"
          >
            arrow_right
          </span>
        </i>
      </div>
    </div>
    <div
      class="StatusBar"
    >
      <div
        class="leftSide"
      />
      <div
        class="rightSide"
      />
    </div>
  </div>
  <div
    class="Notifications flex column align-flex-end"
  />
</div>
`;
